---
source: src/processors/mod.rs
expression: diff
---
[
    Change {
        path: "",
        change: PropertyAdd {
            lhs_additional_properties: true,
            added: "end_timestamp",
        },
    },
    Change {
        path: "",
        change: PropertyAdd {
            lhs_additional_properties: true,
            added: "profiling_type",
        },
    },
    Change {
        path: "",
        change: PropertyAdd {
            lhs_additional_properties: true,
            added: "start_timestamp",
        },
    },
    Change {
        path: ".functions.?",
        change: PropertyAdd {
            lhs_additional_properties: true,
            added: "thread_id",
        },
    },
    Change {
        path: "",
        change: RequiredAdd {
            property: "end_timestamp",
        },
    },
    Change {
        path: "",
        change: RequiredAdd {
            property: "profiling_type",
        },
    },
    Change {
        path: "",
        change: RequiredAdd {
            property: "start_timestamp",
        },
    },
]
