---
source: src/processors/mod.rs
description: "{\n  \"event_id\": \"dcc403b73ef548648188bbfa6012e9dc\",\n  \"organization_id\": 69,\n  \"project_id\": 1,\n  \"trace_id\": \"deadbeefdeadbeefdeadbeefdeadbeef\",\n  \"span_id\": \"deadbeefdeadbeef\",\n  \"parent_span_id\": \"deadbeefdeadbeef\",\n  \"segment_id\": \"deadbeefdeadbeef\",\n  \"duration_ms\": 1000,\n  \"exclusive_time_ms\": 1000,\n  \"is_segment\": false,\n  \"profile_id\": \"deadbeefdeadbeefdeadbeefdeadbeef\",\n  \"received\": 1715868485.381,\n  \"retention_days\": 90,\n  \"start_timestamp_ms\": 1715868485371,\n  \"start_timestamp_precise\": 1715868485.370551,\n  \"end_timestamp_precise\": 1715868486.370551,\n  \"tags\": {\n    \"tag1\": \"value1\",\n    \"tag2\": \"123\",\n    \"tag3\": \"True\"\n  },\n  \"sentry_tags\": {\n    \"http.method\": \"GET\",\n    \"action\": \"GET\",\n    \"domain\": \"targetdomain.tld:targetport\",\n    \"module\": \"http\",\n    \"group\": \"deadbeefdeadbeef\",\n    \"status\": \"ok\",\n    \"system\": \"python\",\n    \"status_code\": \"200\",\n    \"transaction\": \"/organizations/:orgId/issues/\",\n    \"transaction.op\": \"navigation\",\n    \"op\": \"http.client\",\n    \"transaction.method\": \"GET\"\n  },\n  \"measurements\": {\n    \"http.response_content_length\": {\n      \"value\": 100.0,\n      \"unit\": \"byte\"\n    }\n  },\n  \"_metrics_summary\": {\n    \"c:sentry.events.outcomes@none\": [\n      {\n        \"count\": 1,\n        \"max\": 1.0,\n        \"min\": 1.0,\n        \"sum\": 1.0,\n        \"tags\": {\n          \"category\": \"error\",\n          \"environment\": \"unknown\",\n          \"event_type\": \"error\",\n          \"outcome\": \"accepted\",\n          \"release\": \"backend@2af74c237fbd61489a1ccc46650f4f85befaf8b8\",\n          \"topic\": \"outcomes-billing\",\n          \"transaction\": \"sentry.tasks.store.save_event\"\n        }\n      }\n    ],\n    \"c:sentry.events.post_save.normalize.errors@none\": [\n      {\n        \"count\": 1,\n        \"max\": 0.0,\n        \"min\": 0.0,\n        \"sum\": 0.0,\n        \"tags\": {\n          \"environment\": \"unknown\",\n          \"event_type\": \"error\",\n          \"from_relay\": \"False\",\n          \"release\": \"backend@2af74c237fbd61489a1ccc46650f4f85befaf8b8\",\n          \"transaction\": \"sentry.tasks.store.save_event\"\n        }\n      }\n    ]\n  }\n}\n"
expression: snapshot_payload
---
[
  {
    "attributes_bool": {
      "sentry.is_segment": false
    },
    "attributes_float_25": {
      "sentry.exclusive_time_ms": 1000.0,
      "sentry.start_timestamp_precise": 1715868485.370551
    },
    "attributes_float_26": {
      "sentry.is_segment": 0.0
    },
    "attributes_float_37": {
      "http.response_content_length": 100.0
    },
    "attributes_float_4": {
      "sentry.end_timestamp_precise": 1715868486.370551
    },
    "attributes_float_5": {
      "sentry.duration_ms": 1000.0
    },
    "attributes_float_7": {
      "sentry.received": 1715868485.381
    },
    "attributes_int": {
      "sentry.duration_ms": 1000
    },
    "attributes_string_0": {
      "tag3": "True"
    },
    "attributes_string_11": {
      "sentry.http.method": "GET",
      "sentry.parent_span_id": "deadbeefdeadbeef",
      "sentry.segment_id": "deadbeefdeadbeef",
      "sentry.transaction.method": "GET"
    },
    "attributes_string_12": {
      "sentry.event_id": "dcc403b73ef548648188bbfa6012e9dc"
    },
    "attributes_string_13": {
      "sentry.system": "python"
    },
    "attributes_string_14": {
      "sentry.status": "ok"
    },
    "attributes_string_18": {
      "sentry.status_code": "200"
    },
    "attributes_string_19": {
      "sentry.op": "http.client",
      "tag2": "123"
    },
    "attributes_string_20": {
      "sentry.transaction": "/organizations/:orgId/issues/"
    },
    "attributes_string_23": {
      "sentry.profile_id": "deadbeefdeadbeefdeadbeefdeadbeef"
    },
    "attributes_string_25": {
      "sentry.transaction.op": "navigation"
    },
    "attributes_string_28": {
      "sentry.module": "http"
    },
    "attributes_string_32": {
      "sentry.domain": "targetdomain.tld:targetport"
    },
    "attributes_string_38": {
      "sentry.action": "GET",
      "tag1": "value1"
    },
    "attributes_string_39": {
      "sentry.group": "deadbeefdeadbeef"
    },
    "item_id": 16045690984833335023,
    "item_type": 1,
    "organization_id": 69,
    "project_id": 1,
    "retention_days": 90,
    "sampling_weight": 1,
    "timestamp": 1715868485,
    "trace_id": "deadbeef-dead-beef-dead-beefdeadbeef"
  }
]
