---
source: src/processors/eap_spans.rs
expression: span
---
{
  "_sort_timestamp": 1721319572,
  "attr_num_1": {
    "my.neg.float.field": -101.2,
    "my.true.bool.field": 1.0
  },
  "attr_num_11": {
    "num_of_spans": 50.0
  },
  "attr_num_14": {
    "my.int.field": 2000.0
  },
  "attr_num_17": {
    "my.float.field": 101.2
  },
  "attr_num_5": {
    "my.neg.field": -100.0
  },
  "attr_num_6": {
    "my.false.bool.field": 0.0
  },
  "attr_str_0": {
    "relay_protocol_version": "3"
  },
  "attr_str_1": {
    "sentry.thread.name": "uWSGIWorker1Core0"
  },
  "attr_str_10": {
    "sentry.sdk.version": "2.7.0"
  },
  "attr_str_11": {
    "sentry.platform": "python",
    "sentry.transaction.method": "POST",
    "sentry.user": "ip:127.0.0.1"
  },
  "attr_str_12": {
    "relay_use_post_or_schedule_rejected": "version",
    "server_name": "D23CXQ4GK2.local"
  },
  "attr_str_14": {
    "sentry.status": "ok"
  },
  "attr_str_17": {
    "relay_endpoint_version": "3",
    "relay_no_cache": "False",
    "relay_use_post_or_schedule": "True",
    "spans_over_limit": "False"
  },
  "attr_str_18": {
    "sentry.segment.name": "/api/0/relays/projectconfigs/",
    "sentry.status_code": "200"
  },
  "attr_str_19": {
    "sentry.op": "http.server"
  },
  "attr_str_3": {
    "sentry.thread.id": "8522009600"
  },
  "attr_str_4": {
    "thread.id": "8522009600"
  },
  "attr_str_5": {
    "http.status_code": "200",
    "sentry.release": "backend@24.7.0.dev0+c45b49caed1e5fcbf70097ab3f434b487c359b6b",
    "sentry.sdk.name": "sentry.python.django",
    "sentry.transaction.op": "http.server"
  },
  "attr_str_6": {
    "relay_id": "88888888-4444-4444-8444-cccccccccccc",
    "thread.name": "uWSGIWorker1Core0"
  },
  "attr_str_7": {
    "sentry.trace.status": "ok"
  },
  "attr_str_8": {
    "sentry.category": "http"
  },
  "attr_str_9": {
    "sentry.environment": "development"
  },
  "duration_micro": 152158,
  "end_timestamp": 1721319572768806,
  "exclusive_time_micro": 228,
  "is_segment": true,
  "name": "/api/0/relays/projectconfigs/",
  "organization_id": 1,
  "parent_span_id": 0,
  "project_id": 1,
  "retention_days": 90,
  "sampling_factor": 0.02,
  "sampling_weight": 50,
  "segment_id": 9832388815107059821,
  "segment_name": "/api/0/relays/projectconfigs/",
  "service": "1",
  "sign": 1,
  "span_id": 9832388815107059821,
  "start_timestamp": 1721319572616648,
  "trace_id": "d099bf9a-d5a1-43cf-8f83-a98081d0ed3b"
}
