---
source: src/processors/spans_v2.rs
expression: span
---
{
  "organization_id": 1,
  "project_id": 1,
  "trace_id": "d099bf9a-d5a1-43cf-8f83-a98081d0ed3b",
  "span_id": 9832388815107059821,
  "parent_span_id": 0,
  "segment_id": 9832388815107059821,
  "segment_name": "/api/0/relays/projectconfigs/",
  "is_segment": true,
  "_sort_timestamp": 1721319572,
  "start_timestamp": 1721319572616,
  "end_timestamp": 1721319572768,
  "duration_ms": 152,
  "exclusive_time_ms": 0.228,
  "retention_days": 90,
  "name": "/api/0/relays/projectconfigs/",
  "sampling_factor": 1.0,
  "sampling_weight": 1.0,
  "sign": 1,
  "attr_str_3": {
    "server_name": "D23CXQ4GK2.local"
  },
  "attr_str_7": {
    "relay_use_post_or_schedule_rejected": "version"
  },
  "attr_str_10": {
    "transaction": "/api/0/relays/projectconfigs/"
  },
  "attr_str_11": {
    "thread.id": "8522009600"
  },
  "attr_str_12": {
    "relay_use_post_or_schedule": "True"
  },
  "attr_str_17": {
    "release": "backend@24.7.0.dev0+c45b49caed1e5fcbf70097ab3f434b487c359b6b"
  },
  "attr_str_19": {
    "environment": "development",
    "platform": "python"
  },
  "attr_str_21": {
    "relay_endpoint_version": "3"
  },
  "attr_str_23": {
    "status_code": "200"
  },
  "attr_str_24": {
    "http.status_code": "200"
  },
  "attr_str_25": {
    "user": "ip:127.0.0.1"
  },
  "attr_str_30": {
    "sdk.version": "2.7.0",
    "trace.status": "ok"
  },
  "attr_str_31": {
    "category": "http",
    "thread.name": "uWSGIWorker1Core0"
  },
  "attr_str_33": {
    "transaction.method": "POST"
  },
  "attr_str_34": {
    "relay_id": "88888888-4444-4444-8444-cccccccccccc",
    "spans_over_limit": "False",
    "status": "ok"
  },
  "attr_str_38": {
    "relay_no_cache": "False",
    "sdk.name": "sentry.python.django"
  },
  "attr_str_40": {
    "op": "http.server"
  },
  "attr_str_48": {
    "transaction.op": "http.server"
  },
  "attr_str_49": {
    "relay_protocol_version": "3"
  },
  "attr_num_17": {
    "num_of_spans": 50.0
  }
}
