---
source: src/processors/mod.rs
description: "{\n  \"version\": 2,\n  \"use_case_id\": \"spans\",\n  \"org_id\": 1,\n  \"project_id\": 3,\n  \"metric_id\": 65563,\n  \"timestamp\": 1704614940,\n  \"sentry_received_timestamp\": 1704614940,\n  \"tags\": {\n    \"9223372036854776010\": \"production\",\n    \"9223372036854776017\": \"healthy\",\n    \"65690\": \"metric_e2e_spans_dist_v_VUW93LMS\"\n  },\n  \"retention_days\": 90,\n  \"mapping_meta\": {\n    \"d\": { \"65560\": \"d:spans/duration@second\" },\n    \"h\": {\n      \"9223372036854776017\": \"session.status\",\n      \"9223372036854776010\": \"environment\"\n    },\n    \"f\": { \"65691\": \"metric_e2e_spans_dist_k_VUW93LMS\" }\n  },\n  \"type\": \"d\",\n  \"value\": { \"format\": \"array\", \"data\": [0.0, 1.1, 2.2, 3.3, 4.4, 5.5] }\n}\n"
expression: snapshot_payload
---
[]
