---
source: src/processors/mod.rs
description: "{\n  \"event_id\": \"dcc403b73ef548648188bbfa6012e9dc\",\n  \"organization_id\": 69,\n  \"project_id\": 1,\n  \"trace_id\": \"deadbeefdeadbeefdeadbeefdeadbeef\",\n  \"span_id\": \"deadbeefdeadbeef\",\n  \"parent_span_id\": \"deadbeefdeadbeef\",\n  \"segment_id\": \"deadbeefdeadbeef\",\n  \"duration_ms\": 1000,\n  \"exclusive_time_ms\": 1000,\n  \"is_segment\": false,\n  \"profile_id\": \"deadbeefdeadbeefdeadbeefdeadbeef\",\n  \"received\": 1715868485.381,\n  \"retention_days\": 90,\n  \"start_timestamp_ms\": 1715868485371,\n  \"start_timestamp_precise\": 1715868485.370551,\n  \"end_timestamp_precise\": 1715868486.370551,\n  \"tags\": {\n    \"tag1\": \"value1\",\n    \"tag2\": \"123\",\n    \"tag3\": \"True\"\n  },\n  \"sentry_tags\": {\n    \"http.method\": \"GET\",\n    \"action\": \"GET\",\n    \"domain\": \"targetdomain.tld:targetport\",\n    \"module\": \"http\",\n    \"group\": \"deadbeefdeadbeef\",\n    \"status\": \"ok\",\n    \"system\": \"python\",\n    \"status_code\": \"200\",\n    \"transaction\": \"/organizations/:orgId/issues/\",\n    \"transaction.op\": \"navigation\",\n    \"op\": \"http.client\",\n    \"transaction.method\": \"GET\"\n  },\n  \"measurements\": {\n    \"http.response_content_length\": {\n      \"value\": 100.0,\n      \"unit\": \"byte\"\n    }\n  },\n  \"_metrics_summary\": {\n    \"c:sentry.events.outcomes@none\": [\n      {\n        \"count\": 1,\n        \"max\": 1.0,\n        \"min\": 1.0,\n        \"sum\": 1.0,\n        \"tags\": {\n          \"category\": \"error\",\n          \"environment\": \"unknown\",\n          \"event_type\": \"error\",\n          \"outcome\": \"accepted\",\n          \"release\": \"backend@2af74c237fbd61489a1ccc46650f4f85befaf8b8\",\n          \"topic\": \"outcomes-billing\",\n          \"transaction\": \"sentry.tasks.store.save_event\"\n        }\n      }\n    ],\n    \"c:sentry.events.post_save.normalize.errors@none\": [\n      {\n        \"count\": 1,\n        \"max\": 0.0,\n        \"min\": 0.0,\n        \"sum\": 0.0,\n        \"tags\": {\n          \"environment\": \"unknown\",\n          \"event_type\": \"error\",\n          \"from_relay\": \"False\",\n          \"release\": \"backend@2af74c237fbd61489a1ccc46650f4f85befaf8b8\",\n          \"transaction\": \"sentry.tasks.store.save_event\"\n        }\n      }\n    ]\n  }\n}\n"
expression: snapshot_payload
---
[
  {
    "_sort_timestamp": 1715868485,
    "attr_num_17": {
      "http.response_content_length": 100.0
    },
    "attr_str_0": {
      "group": "deadbeefdeadbeef",
      "tag3": "True",
      "transaction.op": "navigation"
    },
    "attr_str_18": {
      "tag1": "value1"
    },
    "attr_str_19": {
      "status": "ok",
      "tag2": "123"
    },
    "attr_str_2": {
      "transaction.method": "GET"
    },
    "attr_str_4": {
      "http.method": "GET",
      "system": "python"
    },
    "attr_str_5": {
      "domain": "targetdomain.tld:targetport",
      "module": "http"
    },
    "attr_str_6": {
      "op": "http.client"
    },
    "attr_str_7": {
      "action": "GET"
    },
    "attr_str_9": {
      "status_code": "200"
    },
    "duration_ms": 1000,
    "end_timestamp": 1715868486370551,
    "exclusive_time_ms": 1000.0,
    "is_segment": false,
    "name": "",
    "organization_id": 69,
    "parent_span_id": 16045690984833335023,
    "project_id": 1,
    "retention_days": 90,
    "sampling_factor": 1.0,
    "sampling_weight": 1.0,
    "segment_id": 16045690984833335023,
    "segment_name": "/organizations/:orgId/issues/",
    "service": "1",
    "sign": 1,
    "span_id": 16045690984833335023,
    "start_timestamp": 1715868485370551,
    "trace_id": "deadbeef-dead-beef-dead-beefdeadbeef"
  }
]
